[debug] [2026-09-03T08:58:09.012Z] ----------------------------------------------------------------------
[debug] [2026-09-03T08:58:09.013Z] Command:       C:\Program Files\nodejs\node.exe C:\Users\Ansar Media\AppData\Roaming\npm\node_modules\firebase-tools\lib\bin\firebase.js projects:list --json
[debug] [2026-09-03T08:58:09.013Z] CLI Version:   15.28.2
[debug] [2026-09-03T08:58:09.014Z] Platform:      win32
[debug] [2026-09-03T08:58:09.014Z] Node Version:  v26.5.0
[debug] [2026-09-03T08:58:09.014Z] Detected Agent: codex_cli
[debug] [2026-09-03T08:58:09.014Z] Time:          Thu Sep 03 2026 14:28:09 GMT+0530 (India Standard Time)
[debug] [2026-09-03T08:58:09.014Z] ----------------------------------------------------------------------
[debug] 
[debug] [2026-09-03T08:58:09.027Z] > command requires scopes: ["email","openid","https://www.googleapis.com/auth/cloudplatformprojects.readonly","https://www.googleapis.com/auth/firebase","https://www.googleapis.com/auth/cloud-platform"]
[debug] [2026-09-03T08:58:09.027Z] > authorizing via signed-in user (aesmedia2025@gmail.com)
[debug] [2026-09-03T08:58:09.038Z] Checked if tokens are valid: false, expires at: 1788422937409
[debug] [2026-09-03T08:58:09.038Z] Checked if tokens are valid: false, expires at: 1788422937409
[debug] [2026-09-03T08:58:09.038Z] > refreshing access token with scopes: []
[debug] [2026-09-03T08:58:09.040Z] >>> [apiv2][query] POST https://www.googleapis.com/oauth2/v3/token [none]
[debug] [2026-09-03T08:58:09.040Z] >>> [apiv2][body] POST https://www.googleapis.com/oauth2/v3/token [omitted]
[debug] [2026-09-03T08:58:09.259Z] <<< [apiv2][status] POST https://www.googleapis.com/oauth2/v3/token 200
[debug] [2026-09-03T08:58:09.260Z] <<< [apiv2][body] POST https://www.googleapis.com/oauth2/v3/token [omitted]
[debug] [2026-09-03T08:58:09.266Z] >>> [apiv2][query] GET https://firebase.googleapis.com/v1beta1/projects pageSize=1000
[debug] [2026-09-03T08:58:10.255Z] <<< [apiv2][status] GET https://firebase.googleapis.com/v1beta1/projects 200
